# SPDX-FileCopyrightText: 2026 Travis Post <post.travis@gmail.com>
#
# SPDX-License-Identifier: GPL-3.0-or-later

# Maps fuzz target names to source paths they exercise.
# When using --changed, only targets whose paths changed are run.
# Add one line per fuzz target when adding a new manifest parser.

config_toml=crates/core/vlz/src/config.rs
requirements_txt=crates/languages/vlz-python/src/parser/requirements.rs
parse_config_set_arg=crates/core/vlz/src/cli.rs
pyproject_toml=crates/languages/vlz-python/src/parser/pyproject.rs
pipfile=crates/languages/vlz-python/src/parser/pipfile.rs
pylock_toml=crates/languages/vlz-python/src/parser/lockfile.rs
poetry_lock=crates/languages/vlz-python/src/parser/lockfile.rs
setup_cfg=crates/languages/vlz-python/src/parser/setup_cfg.rs
setup_py=crates/languages/vlz-python/src/parser/setup_py.rs
cargo_toml=crates/languages/vlz-rust/src/parser.rs
cargo_lock=crates/languages/vlz-rust/src/resolver.rs
cargo_metadata=crates/languages/vlz-rust/src/cargo_metadata.rs
go_mod=crates/languages/vlz-go/src/parser.rs
go_sum=crates/languages/vlz-go/src/parser.rs
pip_freeze=crates/languages/vlz-python/src/resolver/pip_freeze.rs
package_json=crates/languages/vlz-javascript/src/parser/package_json.rs
npm_lock=crates/languages/vlz-javascript/src/parser/npm_lock.rs
yarn_lock=crates/languages/vlz-javascript/src/parser/yarn_lock.rs
pnpm_lock=crates/languages/vlz-javascript/src/parser/pnpm_lock.rs
bun_lock=crates/languages/vlz-javascript/src/parser/bun_lock.rs
pom_xml=crates/languages/vlz-java/src/parser/pom_xml.rs
gradle_lock=crates/languages/vlz-java/src/parser/gradle_lock.rs
version_catalog=crates/languages/vlz-java/src/parser/version_catalog.rs
gemfile=crates/languages/vlz-ruby/src/parser/gemfile.rs
gemfile_lock=crates/languages/vlz-ruby/src/parser/gemfile_lock.rs
gemspec=crates/languages/vlz-ruby/src/parser/gemspec.rs
cyclonedx_json=crates/languages/vlz-sbom/src/parser.rs
spdx_json=crates/languages/vlz-sbom/src/parser.rs
